src/components/GreedyVisualizer.tsx(154,17): error TS2741: Property 'char' is missing in type '{ id: string; freq: number; left: { id: string; char: string; freq: number; isLeaf: boolean; }; right: { id: string; char: string; freq: number; isLeaf: boolean; }; isLeaf: boolean; }' but required in type '{ id: string; char: string; freq: number; isLeaf: boolean; }'.
